import processing.core.*; 

import java.io.StringWriter; 

import java.applet.*; 
import java.awt.Dimension; 
import java.awt.Frame; 
import java.awt.event.MouseEvent; 
import java.awt.event.KeyEvent; 
import java.awt.event.FocusEvent; 
import java.awt.Image; 
import java.io.*; 
import java.net.*; 
import java.text.*; 
import java.util.*; 
import java.util.zip.*; 
import java.util.regex.*; 

public class bug1514a extends PApplet {
    public void setup() {
//----- \u00e8\u00e9\u00e9\u00e8\u00e8\u00e9\u00e9\u00e9\u00e0\u00e9\u00e9\u00e8\u00e9''\u00e9\u00e9\u00e9
//----------------------------------------------------------------
//--- IMPORTS
//----------------------------------------------------------------

    noLoop();
} 
    static public void main(String args[]) {
        PApplet.main(new String[] { "--bgcolor=null", "bug1514a" });
    }
}
